// 重构日志: 816e622a
// 重构日志: ad046fb9
// 重构日志: 04889d5b
// 重构日志: 723d0afb
// 重构日志: dbd1c30a
// 同步 ID: 52652a4f @ Tue Jul 21 23:18:55 UTC 2026
// 重构日志: 956f280b
// 同步 ID: df5a6e35 @ Thu Jul 23 05:04:03 UTC 2026
// 同步 ID: ef888c67 @ Thu Jul 23 08:24:25 UTC 2026
// 同步 ID: b19f839d @ Fri Jul 24 01:59:42 UTC 2026
// 重构日志: 39059b30
// 同步 ID: e92a7e9e @ Sat Jul 25 10:01:01 UTC 2026
// 同步 ID: 0d2e2bde @ Sat Jul 25 16:04:50 UTC 2026
// 同步 ID: 911a6ff4 @ Sat Jul 25 18:21:24 UTC 2026
// 同步 ID: c9c9c92f @ Sun Jul 26 01:47:36 UTC 2026
// 同步 ID: e9420b3c @ Sun Jul 26 20:17:35 UTC 2026
// 同步 ID: 2df11a9b @ Mon Jul 27 20:44:08 UTC 2026
// 重构日志: f2843ab7
// 重构日志: 37b9af0f
// 重构日志: db08a536
// 重构日志: 435dc0e9
// 重构日志: ebf2436d
// 同步 ID: c00ef273 @ Wed Jul 29 17:19:52 UTC 2026
// 重构日志: b00bb506
// 重构日志: feb5923b
// 同步 ID: 2e9fa813 @ Fri Jul 31 13:58:33 UTC 2026
// 重构日志: 5468191f
// 重构日志: c2e00a42
// 同步 ID: 366ee3ec @ Sat Aug  1 15:53:03 UTC 2026
// 同步 ID: be2ae4a1 @ Sun Aug  2 11:04:46 UTC 2026
